SET
SET
 id |    name     | equipment_name 
----+-------------+----------------
  2 | JKC-CAM-002 | 
  3 | JKC-CAM-003 | 
  4 | JKC-CAM-004 | 
  5 | JKC-CAM-005 | 
  6 | JKC-CAM-006 | 
  7 | JKC-CAM-007 | 
  8 | JKC-CAM-008 | 
  9 | JKC-CAM-009 | 
(8 rows)

  id  |    name    | region_name 
------+------------+-------------
 3658 | 光谷五路北 | 
 3659 | 光谷六路北 | 
 3660 | 神墩三路   | 
 3661 | 神墩五路   | 
 3662 | 虎山东街   | 
 3663 | 高新大道   | 
 3664 | 高科园路北 | 
 3665 | 高科园路南 | 
(8 rows)

 id |    name    
----+------------
 44 | 网络摄像机
 45 | 报警主机
 46 | 红外探测器
 47 | 门禁控制器
 48 | LED显示屏
 49 | 监控控制柜
 50 | IP电话机
 51 | 光纤收发器
(8 rows)

