SET
SET
 id |                code                |   name   
----+------------------------------------+----------
  1 | FIELD_00000001                     | 名称
  2 | FIELD_00000002                     | 描述
  3 | FIELD_00000003                     | 备注
  4 | FIELD_00000004                     | 创建时间
  5 | FIELD_00000005                     | 更新时间
  6 | FIELD_00000006                     | 生产日期
  7 | FIELD_00000007                     | 安装日期
  8 | FIELD_00000008                     | 长度
  9 | FIELD_00000009                     | 宽度
 10 | FIELD_00000010                     | 高度
 11 | FIELD_00000011                     | 重量
 12 | FIELD_00000012                     | 数量
 13 | FIELD_00000013                     | 是否启用
 14 | FIELD_00000014                     | 是否删除
 26 | F-d81ed32c5c2a4e6288c70e76865dc063 | 任务名称
(15 rows)

 id |     name     |                 code                 
----+--------------+--------------------------------------
 75 | 安防系统     | CAT-0e10a00013d1474da7fb182eaef57f99
 76 | IP电话系统   | CAT-eea3d5ebafd543b0b6f72a2f76a42cd6
 77 | 无线对讲系统 | CAT-830d64d0d51440bdb0206722d9718532
 78 | 人员定位系统 | CAT-335c10c8157f48248bf72de3cd4870e8
 79 | 环控系统     | CAT-a61e8a70173249e28002b05eaec9f438
 80 | 网络设备     | CAT-df84bc4e4c3d48be9ed1e4a1f075de56
 81 | 大屏显示系统 | CAT-8e7ad58f49034d94b08732fba393a71b
 82 | 机房环境监控 | CAT-59eba1a897b24f31ba54f346d572c79a
 83 | 供配电系统   | CAT-1494db0c0d5c4bd5964843f704447472
 84 | 网络摄像机   | CAT-0e61fad294274a4ea28e863d0cd97517
 85 | 报警主机     | CAT-ee163d552060451380f778c6f74b7b18
 86 | 红外探测器   | CAT-1d053d73e166452cb2e118c5f74e1d02
 87 | 门禁控制器   | CAT-bb4e3d114d69414bb0583c3ad88ce8da
 88 | LED显示屏    | CAT-0588c6878c894a62b541f1159ae0a021
 89 | 监控控制柜   | CAT-185a3ec231b745aa865bb57d1407cc55
(15 rows)

 suspicious_field_names 
------------------------
                      0
(1 row)

 id | code | name 
----+------+------
(0 rows)

 suspicious_category_names 
---------------------------
                         0
(1 row)

 id | name 
----+------
(0 rows)

 id | field_code | field_name 
----+------------+------------
(0 rows)

