SET
SET
 id |  name  | group_type 
----+--------+------------
  1 | 设备类 | FIELD
  4 | 单位   | FIELD
  5 | 巡检类 | FIELD
  6 | 任务   | FIELD
 15 | 设备类 | FIELD
 16 | 任务类 | FIELD
 17 | 维修类 | FIELD
 18 | 合同类 | FIELD
 19 | 客户类 | FIELD
 20 | 告警类 | FIELD
 21 | 工单类 | FIELD
 22 | 维护类 | FIELD
(12 rows)

 id |    name     |                                                              custom_fields                                                              
----+-------------+-----------------------------------------------------------------------------------------------------------------------------------------
  2 | JKC-CAM-002 | {"38": "JKC-CAM-002", "39": "DS-2CD2345G0P-I", "40": "海康威视", "42": "running", "45": "64", "46": "1080p", "47": "fixed", "48": true}
  3 | JKC-CAM-003 | {"38": "JKC-CAM-003", "39": "DS-2CD2345G0P-I", "40": "海康威视", "42": "running", "45": "64", "46": "1080p", "47": "fixed", "48": true}
  4 | JKC-CAM-004 | {"38": "JKC-CAM-004", "39": "DS-2CD2345G0P-I", "40": "海康威视", "42": "running", "45": "64", "46": "1080p", "47": "fixed", "48": true}
(3 rows)

 id |   name   
----+----------
  1 | 区域管理
  2 | 设备管理
 13 | 维修管理
 15 | 管线
 16 | 故障管理
 20 | 入廊客户
 21 | 收费管理
 24 | 应急队伍
 25 | 应急资源
 27 | 路线管理
 30 | 检查内容
 41 | 巡检管理
 42 | 应急管理
 17 | 备件管理
 23 | 巡检点位
(15 rows)

 name |   utf8_hex   
------+--------------
 名称 | e5908de7a7b0
(1 row)

