SET
SET
 id |    name     | equipment_name 
----+-------------+----------------
  2 | JKC-CAM-002 | 
  3 | JKC-CAM-003 | 
  4 | JKC-CAM-004 | 
  5 | JKC-CAM-005 | 
  6 | JKC-CAM-006 | 
(5 rows)

  id  |    name    
------+------------
 3658 | 光谷五路北
 3659 | 光谷六路北
 3660 | 神墩三路
 3661 | 神墩五路
 3662 | 虎山东街
(5 rows)

 id |    name    
----+------------
 44 | 网络摄像机
 45 | 报警主机
 46 | 红外探测器
 47 | 门禁控制器
 48 | LED显示屏
(5 rows)

 id |   name   
----+----------
  1 | 名称
  2 | 描述
  3 | 备注
  4 | 创建时间
  5 | 更新时间
(5 rows)

